docs_pkey docs_idx 
arm=a
engine=fts 2026-10-07T20:58:13Z loadavg=3.48 18.81 24.77
pass=1 band=rare_k10 c16=26202.121853 c32=25819.264714 c64=25717.080527
pass=2 band=rare_k10 c16=25984.144502 c32=25404.612169 c64=25735.419158
pass=1 band=mid_k10 c16=34646.608817 c32=33743.136525 c64=33652.195759
pass=2 band=mid_k10 c16=34677.443901 c32=33742.683374 c64=33696.768552
pass=1 band=common_k10 c16=21470.350070 c32=21157.600285 c64=20709.379159
pass=2 band=common_k10 c16=21482.510125 c32=21147.734747 c64=20648.951784
pass=1 band=count_common c16=73033.581630 c32=69145.662005 c64=67795.064075
pass=2 band=count_common c16=72928.325214 c32=69089.443728 c64=67715.534874
docs_pkey docs_idx 
arm=110
engine=fts 2026-10-07T21:11:56Z loadavg=16.11 30.53 29.98
pass=1 band=rare_k10 c16=17541.399121 c32=17095.492886 c64=16451.370085
pass=2 band=rare_k10 c16=17568.487089 c32=17360.902871 c64=17285.728418
pass=1 band=mid_k10 c16=20439.108560 c32=20138.465471 c64=20105.005415
pass=2 band=mid_k10 c16=20447.018455 c32=20160.088329 c64=20083.262563
pass=1 band=common_k10 c16=1904.984991 c32=1878.061426 c64=1869.169485
pass=2 band=common_k10 c16=1905.614139 c32=1879.626330 c64=1871.042738
pass=1 band=count_common c16=66101.231914 c32=62983.102432 c64=61145.071023
pass=2 band=count_common c16=66003.077086 c32=62904.333025 c64=61947.231444
