[12:04:28] host=<host> kernel=6.12.111+deb13-cloud-arm64 cpu=Neoverse-V1 nproc=16 thp=[always] madvise never numa_balancing=0
[12:04:28] dmi: r7gd.4xlarge i-05xx
[12:04:28] meminfo: MemTotal: 129563948 kB HugePages_Total: 0 
[12:04:46] mbench: ghz 2.595 lat1_ns 149.4 lat16_ns median 129.4 max 132.4 bw16_gbs 218.4 c2c_ns median 275 min 245 max 285 
[12:23:27] fill_s=985
[12:25:39] build_s=132 size=1489600512
[12:26:50] unsettled rare c16: 26169.392295 25968.425183
[12:40:42] settled r1: pass=1 band=rare_k10 c16=26357 c64=25365 pass=2 band=rare_k10 c16=26461 c64=25885 pass=1 band=mid_k10 c16=34840 c64=32978 pass=2 band=mid_k10 c16=33604 c64=28524 pass=1 band=common_k10 c16=15162 c64=16939 pass=2 band=common_k10 c16=15152 c64=16108 pass=1 band=count_common c16=74884 c64=65401 pass=2 band=count_common c16=74806 c64=65385 
[12:54:22] settled r2: pass=1 band=rare_k10 c16=18281 c64=21122 pass=2 band=rare_k10 c16=18309 c64=21352 pass=1 band=mid_k10 c16=25523 c64=28554 pass=2 band=mid_k10 c16=25822 c64=28599 pass=1 band=common_k10 c16=15513 c64=15921 pass=2 band=common_k10 c16=15094 c64=16903 pass=1 band=count_common c16=75006 c64=65403 pass=2 band=count_common c16=74659 c64=65389 
[12:54:42] latency rare k10 pass medians: 0.717 0.691 0.701  c1 tps=1886.127785
[12:55:03] latency common k10 pass medians: 0.866 0.919 0.889  c1 tps=1476.877898
[12:55:43] c16 rare: tps=19209.855083 vmstat(us sy id cs)=91 5 4 42064 waits=CPU:-=2808 Client:ClientRead=35 LWLock:extension=31 
[12:56:04] c1 rare: tps=1909.574504
[12:56:44] c16 common: tps=21144.004980 vmstat(us sy id cs)=94 5 1 45958 waits=CPU:-=2827 Client:ClientRead=20 
[12:57:06] c1 common: tps=1483.149593
[12:58:06] shared_doclen=on rep=1: rare c16=26293.897449 common c16=21385.285172
[12:59:06] shared_doclen=off rep=1: rare c16=26474.886617 common c16=18419.729384
[13:00:06] shared_doclen=on rep=2: rare c16=25964.437271 common c16=17329.939003
[13:01:06] shared_doclen=off rep=2: rare c16=23195.932052 common c16=16139.627378
[13:03:06] rare c16 -j8=19418.865889 -j16=19337.535055 -j8=19523.664680 -j16=19328.252692
[13:03:06] TV_DONE
