docs_pkey docs_idx 
arm=110
engine=fts 2026-10-08T00:42:27Z loadavg=17.57 32.04 31.45
pass=1 band=rare_k10 c16=16718.401853 c32=16670.418690 c64=17190.693994
pass=2 band=rare_k10 c16=17460.683850 c32=17390.076681 c64=17335.448881
pass=1 band=mid_k10 c16=20408.832736 c32=20137.946869 c64=20124.628250
pass=2 band=mid_k10 c16=20419.335364 c32=20145.609099 c64=20126.399493
pass=1 band=common_k10 c16=1909.709197 c32=1882.911396 c64=1875.491211
pass=2 band=common_k10 c16=1908.330161 c32=1882.957056 c64=1874.659756
pass=1 band=count_common c16=67393.957982 c32=63761.371558 c64=62522.611064
pass=2 band=count_common c16=67592.038041 c32=63708.668774 c64=62496.465597
docs_pkey docs_idx 
arm=a
engine=fts 2026-10-08T00:56:09Z loadavg=17.05 31.25 32.47
pass=1 band=rare_k10 c16=26568.784222 c32=26220.343940 c64=26235.196252
pass=2 band=rare_k10 c16=26577.482102 c32=26216.047652 c64=26153.468551
pass=1 band=mid_k10 c16=35298.308370 c32=34390.140522 c64=34320.757934
pass=2 band=mid_k10 c16=35258.752880 c32=34368.121771 c64=34295.341138
pass=1 band=common_k10 c16=22355.706331 c32=21980.568333 c64=21612.035178
pass=2 band=common_k10 c16=22363.472647 c32=21969.557687 c64=21470.562864
pass=1 band=count_common c16=75284.854937 c32=70571.819487 c64=69627.788973
pass=2 band=count_common c16=75664.532367 c32=70623.644336 c64=69668.509129
docs_pkey docs_idx 
arm=a
engine=fts 2026-10-08T01:09:51Z loadavg=16.18 31.50 33.28
pass=1 band=rare_k10 c16=26921.677773 c32=26460.965062 c64=26441.102464
pass=2 band=rare_k10 c16=26940.604394 c32=26498.638570 c64=26474.169972
pass=1 band=mid_k10 c16=35310.646741 c32=34423.323287 c64=34335.776715
pass=2 band=mid_k10 c16=35361.797225 c32=34437.754994 c64=34374.917396
pass=1 band=common_k10 c16=22374.108469 c32=21986.757696 c64=21602.469389
pass=2 band=common_k10 c16=22391.789508 c32=22001.715975 c64=21577.109840
pass=1 band=count_common c16=75227.994001 c32=70825.346393 c64=69502.514725
pass=2 band=count_common c16=75476.861355 c32=70905.146843 c64=69540.915033
docs_pkey docs_idx 
arm=110
engine=fts 2026-10-08T01:23:32Z loadavg=17.49 32.00 33.77
pass=1 band=rare_k10 c16=17530.610660 c32=17367.467764 c64=17342.283248
pass=2 band=rare_k10 c16=17552.519759 c32=17288.374062 c64=17212.872586
pass=1 band=mid_k10 c16=20144.173895 c32=20193.791346 c64=20165.580215
pass=2 band=mid_k10 c16=20452.104486 c32=19877.946952 c64=20179.441797
pass=1 band=common_k10 c16=1911.511388 c32=1885.178023 c64=1875.959049
pass=2 band=common_k10 c16=1911.796075 c32=1873.438961 c64=1868.112804
pass=1 band=count_common c16=66407.375166 c32=62619.641830 c64=59932.526096
pass=2 band=count_common c16=66430.802685 c32=62555.028010 c64=59896.139689
