docs_pkey docs_idx 
arm=110
engine=fts 2026-10-07T22:53:30Z loadavg=17.36 30.85 29.06
pass=1 band=rare_k10 c16=13634.681443 c32=14749.084158 c64=16029.229225
pass=2 band=rare_k10 c16=13883.186739 c32=17421.346322 c64=17368.606549
pass=1 band=mid_k10 c16=20561.793528 c32=18426.861179 c64=19877.750151
pass=2 band=mid_k10 c16=20385.801761 c32=15858.658317 c64=17291.409314
pass=1 band=common_k10 c16=1813.809892 c32=1858.126094 c64=1851.360465
pass=2 band=common_k10 c16=1818.382881 c32=1859.492289 c64=1850.782620
pass=1 band=count_common c16=67098.572760 c32=63078.650762 c64=61468.679292
pass=2 band=count_common c16=67169.361097 c32=63079.251904 c64=61163.488830
docs_pkey docs_idx 
arm=a
engine=fts 2026-10-07T23:07:12Z loadavg=17.35 31.35 31.54
pass=1 band=rare_k10 c16=18736.166622 c32=19791.705665 c64=21309.019024
pass=2 band=rare_k10 c16=18778.736705 c32=19778.213144 c64=21324.931909
pass=1 band=mid_k10 c16=27093.266009 c32=27380.116376 c64=29480.049191
pass=2 band=mid_k10 c16=25988.463581 c32=27156.533225 c64=29500.866260
pass=1 band=common_k10 c16=15947.063723 c32=15971.983083 c64=17267.417883
pass=2 band=common_k10 c16=15744.210767 c32=15972.667734 c64=17408.011625
pass=1 band=count_common c16=66182.035377 c32=62721.767195 c64=60930.558374
pass=2 band=count_common c16=66389.585690 c32=62725.304926 c64=60667.695467
docs_pkey docs_idx 
arm=a
engine=fts 2026-10-07T23:20:54Z loadavg=17.62 31.70 32.76
pass=1 band=rare_k10 c16=18656.784213 c32=19669.267594 c64=21442.857789
pass=2 band=rare_k10 c16=18777.946001 c32=19848.015500 c64=21508.009742
pass=1 band=mid_k10 c16=26034.620483 c32=27696.069264 c64=29413.970469
pass=2 band=mid_k10 c16=26351.716106 c32=27259.192716 c64=29380.736748
pass=1 band=common_k10 c16=15666.685811 c32=15890.007599 c64=17189.498793
pass=2 band=common_k10 c16=15630.485060 c32=15909.322754 c64=17091.546909
pass=1 band=count_common c16=66400.770165 c32=62201.210415 c64=60664.579576
pass=2 band=count_common c16=66278.686883 c32=62389.457213 c64=60489.305659
docs_pkey docs_idx 
arm=110
engine=fts 2026-10-07T23:34:36Z loadavg=16.18 30.72 32.72
pass=1 band=rare_k10 c16=12180.325383 c32=13408.001362 c64=14389.418781
pass=2 band=rare_k10 c16=11976.961215 c32=13461.728096 c64=14744.481294
pass=1 band=mid_k10 c16=13765.200648 c32=15573.535461 c64=16553.917034
pass=2 band=mid_k10 c16=13641.794667 c32=15400.342746 c64=
pass=1 band=common_k10 c16= c32= c64=
pass=2 band=common_k10 c16= c32= c64=
pass=1 band=count_common c16= c32= c64=
pass=2 band=count_common c16= c32= c64=
